[ilrm9.csb.app/index.html]
[codesandbox.io/static/js/vendors_app_embed_sandbox-startup.10f5f18b4.chunk.js]
[codesandbox.io/static/js/sandbox-startup.3c5563fd5.js]
[backblue.gif]
[fade.gif]
[index.html]
[codesandbox.io/static/browserfs8/browserfs.min.js]
[ilrm9.csb.app/src/styles.css]
[rawgit.com/sitepoint-editors/jsqrcode/master/src/qr_packed.js]
[ilrm9.csb.app/manifest.json]
[codesandbox.io/static/js/vendors_app_codemirror-editor_monaco-editor_sandbox.e68dd7bee.chunk.js]
[codesandbox.io/static/js/common-sandbox.567fd683a.chunk.js]
[codesandbox.io/static/js/default_app_embed_sandbox.f5ce82494.chunk.js]
[codesandbox.io/static/js/vendors_sandbox.2d28f54c5.chunk.js]
[ilrm9.csb.app/arrayLikeToArray.html]
[codesandbox.io/static/js/sandbox.940c641c2.js]
[ilrm9.csb.app/arrayWithHoles.html]
[ilrm9.csb.app/arrayWithoutHoles.html]
[ilrm9.csb.app/assertThisInitialized.html]
[ilrm9.csb.app/AsyncGenerator.html]
[ilrm9.csb.app/asyncGeneratorDelegate.html]
[ilrm9.csb.app/asyncIterator.html]
[ilrm9.csb.app/asyncToGenerator.html]
[ilrm9.csb.app/awaitAsyncGenerator.html]
[ilrm9.csb.app/AwaitValue.html]
[ilrm9.csb.app/classCallCheck.html]
[ilrm9.csb.app/classNameTDZError.html]
[ilrm9.csb.app/classPrivateFieldDestructureSet.html]
[ilrm9.csb.app/classPrivateFieldGet.html]
[ilrm9.csb.app/classPrivateFieldLooseBase.html]
[ilrm9.csb.app/classPrivateFieldLooseKey.html]
[ilrm9.csb.app/classPrivateFieldSet.html]
[ilrm9.csb.app/classPrivateMethodGet.html]
[ilrm9.csb.app/classPrivateMethodSet.html]
[ilrm9.csb.app/classStaticPrivateFieldSpecGet.html]
[ilrm9.csb.app/classStaticPrivateFieldSpecSet.html]
[ilrm9.csb.app/classStaticPrivateMethodGet.html]
[ilrm9.csb.app/classStaticPrivateMethodSet.html]
[ilrm9.csb.app/construct.html]
[ilrm9.csb.app/createClass.html]
[ilrm9.csb.app/createForOfIteratorHelper.html]
[ilrm9.csb.app/createForOfIteratorHelperLoose.html]
[ilrm9.csb.app/createSuper.html]
[ilrm9.csb.app/decorate.html]
[ilrm9.csb.app/defaults.html]
[ilrm9.csb.app/defineEnumerableProperties.html]
[ilrm9.csb.app/defineProperty.html]
[ilrm9.csb.app/extends.html]
[ilrm9.csb.app/get.html]
[ilrm9.csb.app/getPrototypeOf.html]
[ilrm9.csb.app/inherits.html]
[ilrm9.csb.app/inheritsLoose.html]
[ilrm9.csb.app/initializerDefineProperty.html]
[ilrm9.csb.app/initializerWarningHelper.html]
[ilrm9.csb.app/instanceof.html]
[ilrm9.csb.app/interopRequireDefault.html]
[ilrm9.csb.app/interopRequireWildcard.html]
[ilrm9.csb.app/isNativeFunction.html]
[ilrm9.csb.app/isNativeReflectConstruct.html]
[ilrm9.csb.app/iterableToArray.html]
[ilrm9.csb.app/iterableToArrayLimit.html]
[ilrm9.csb.app/iterableToArrayLimitLoose.html]
[ilrm9.csb.app/jsx.html]
[ilrm9.csb.app/maybeArrayLike.html]
[ilrm9.csb.app/newArrowCheck.html]
[ilrm9.csb.app/nonIterableRest.html]
[ilrm9.csb.app/nonIterableSpread.html]
[ilrm9.csb.app/objectDestructuringEmpty.html]
[ilrm9.csb.app/objectSpread.html]
[ilrm9.csb.app/objectSpread2.html]
[ilrm9.csb.app/objectWithoutProperties.html]
[ilrm9.csb.app/objectWithoutPropertiesLoose.html]
[ilrm9.csb.app/possibleConstructorReturn.html]
[ilrm9.csb.app/readOnlyError.html]
[ilrm9.csb.app/set.html]
[ilrm9.csb.app/setPrototypeOf.html]
[ilrm9.csb.app/skipFirstGeneratorNext.html]
[ilrm9.csb.app/slicedToArray.html]
[ilrm9.csb.app/slicedToArrayLoose.html]
[ilrm9.csb.app/superPropBase.html]
[ilrm9.csb.app/taggedTemplateLiteral.html]
[ilrm9.csb.app/taggedTemplateLiteralLoose.html]
[ilrm9.csb.app/tdz.html]
[ilrm9.csb.app/temporalRef.html]
[ilrm9.csb.app/temporalUndefined.html]
[ilrm9.csb.app/toArray.html]
[ilrm9.csb.app/toConsumableArray.html]
[ilrm9.csb.app/toPrimitive.html]
[ilrm9.csb.app/toPropertyKey.html]
[ilrm9.csb.app/typeof.html]
[ilrm9.csb.app/unsupportedIterableToArray.html]
[ilrm9.csb.app/wrapAsyncGenerator.html]
[ilrm9.csb.app/wrapNativeSuper.html]
[ilrm9.csb.app/index.html]
[ilrm9.csb.app/src/styles.css]
[ilrm9.csb.app/src/qrCodeScanner.js]
[ilrm9.csb.app/arrayLikeToArray.html]
[ilrm9.csb.app/arrayWithHoles.html]
[ilrm9.csb.app/arrayWithoutHoles.html]
[ilrm9.csb.app/assertThisInitialized.html]
[ilrm9.csb.app/AsyncGenerator.html]
[ilrm9.csb.app/asyncGeneratorDelegate.html]
[ilrm9.csb.app/asyncIterator.html]
[ilrm9.csb.app/asyncToGenerator.html]
[ilrm9.csb.app/awaitAsyncGenerator.html]
[ilrm9.csb.app/AwaitValue.html]
[ilrm9.csb.app/classCallCheck.html]
[ilrm9.csb.app/classNameTDZError.html]
[ilrm9.csb.app/classPrivateFieldDestructureSet.html]
[ilrm9.csb.app/classPrivateFieldGet.html]
[ilrm9.csb.app/classPrivateFieldLooseBase.html]
[ilrm9.csb.app/classPrivateFieldLooseKey.html]
[ilrm9.csb.app/classPrivateFieldSet.html]
[ilrm9.csb.app/classPrivateMethodGet.html]
[ilrm9.csb.app/classPrivateMethodSet.html]
[ilrm9.csb.app/classStaticPrivateFieldSpecGet.html]
[ilrm9.csb.app/classStaticPrivateFieldSpecSet.html]
[ilrm9.csb.app/classStaticPrivateMethodGet.html]
[ilrm9.csb.app/classStaticPrivateMethodSet.html]
[ilrm9.csb.app/construct.html]
[ilrm9.csb.app/createClass.html]
[ilrm9.csb.app/createForOfIteratorHelper.html]
[ilrm9.csb.app/createForOfIteratorHelperLoose.html]
[ilrm9.csb.app/createSuper.html]
[ilrm9.csb.app/decorate.html]
[ilrm9.csb.app/defaults.html]
[ilrm9.csb.app/defineEnumerableProperties.html]
[ilrm9.csb.app/defineProperty.html]
[ilrm9.csb.app/extends.html]
[ilrm9.csb.app/get.html]
[ilrm9.csb.app/getPrototypeOf.html]
[ilrm9.csb.app/inherits.html]
[ilrm9.csb.app/inheritsLoose.html]
[ilrm9.csb.app/initializerDefineProperty.html]
[ilrm9.csb.app/initializerWarningHelper.html]
[ilrm9.csb.app/instanceof.html]
[ilrm9.csb.app/interopRequireDefault.html]
[ilrm9.csb.app/interopRequireWildcard.html]
[ilrm9.csb.app/isNativeFunction.html]
[ilrm9.csb.app/isNativeReflectConstruct.html]
[ilrm9.csb.app/iterableToArray.html]
[ilrm9.csb.app/iterableToArrayLimit.html]
[ilrm9.csb.app/iterableToArrayLimitLoose.html]
[ilrm9.csb.app/jsx.html]
[ilrm9.csb.app/maybeArrayLike.html]
[ilrm9.csb.app/newArrowCheck.html]
[ilrm9.csb.app/nonIterableRest.html]
[ilrm9.csb.app/nonIterableSpread.html]
[ilrm9.csb.app/objectDestructuringEmpty.html]
[ilrm9.csb.app/objectSpread.html]
[ilrm9.csb.app/objectSpread2.html]
[ilrm9.csb.app/objectWithoutProperties.html]
[ilrm9.csb.app/objectWithoutPropertiesLoose.html]
[ilrm9.csb.app/possibleConstructorReturn.html]
[ilrm9.csb.app/readOnlyError.html]
[ilrm9.csb.app/set.html]
[ilrm9.csb.app/setPrototypeOf.html]
[ilrm9.csb.app/skipFirstGeneratorNext.html]
[ilrm9.csb.app/slicedToArray.html]
[ilrm9.csb.app/slicedToArrayLoose.html]
[ilrm9.csb.app/superPropBase.html]
[ilrm9.csb.app/taggedTemplateLiteral.html]
[ilrm9.csb.app/taggedTemplateLiteralLoose.html]
[ilrm9.csb.app/tdz.html]
[ilrm9.csb.app/temporalRef.html]
[ilrm9.csb.app/temporalUndefined.html]
[ilrm9.csb.app/toArray.html]
[ilrm9.csb.app/toConsumableArray.html]
[ilrm9.csb.app/toPrimitive.html]
[ilrm9.csb.app/toPropertyKey.html]
[ilrm9.csb.app/typeof.html]
[ilrm9.csb.app/unsupportedIterableToArray.html]
[ilrm9.csb.app/wrapAsyncGenerator.html]
[ilrm9.csb.app/wrapNativeSuper.html]
[codesandbox.io/static/js/watermark-button.ccc763f75.js]
